A funny young fellow named Perkins
Was terribly fond of small gherkins.
One day after tea
He ate ninety three
And pickled his internal workings.
