There once was a dog named Cat
He didn ºt want any of that
So he protested all day
Until his owners gave way
And changed his name to Bat
