A little girl with a ball
Grew up to be real tall
When the ball bounced real high
She could reach up in the sky
And catch it before it could fall.
