The stock market recently crashed,
Leaving the hopes and dreams of many dashed,
So, maybe now is the time,
To rethink along the lines,
Of where to place your stash of cash.
