There was a large lady from Perth
Who wanted to travel the earth
But her wish was in vain
For the door of the plane
Was not wide enough for her girth
